// Jest Snapshot v1, https://goo.gl/fbAQLP

exports[`should render Header component 1`] = `
<header>
  <h1>
    Income and expenses
  </h1>
  <NavLink
    activeClassName="active"
    exact={true}
    to="/"
  >
    Home
  </NavLink>
  <NavLink
    activeClassName="active"
    to="/create"
  >
    Add Expense
  </NavLink>
  <NavLink
    activeClassName="active"
    to="/edit"
  >
    Edit Expense
  </NavLink>
</header>
`;
